<?php return array (
  0 => 'Symfony\\Bundle\\FrameworkBundle\\EventListener\\SessionListener',
  1 => 'Symfony\\Component\\HttpFoundation\\Session\\Storage\\NativeSessionStorage',
  2 => 'Symfony\\Component\\HttpFoundation\\Session\\Storage\\PhpBridgeSessionStorage',
  3 => 'Symfony\\Component\\HttpFoundation\\Session\\Storage\\Handler\\NativeFileSessionHandler',
  4 => 'Symfony\\Component\\HttpFoundation\\Session\\Storage\\Proxy\\AbstractProxy',
  5 => 'Symfony\\Component\\HttpFoundation\\Session\\Storage\\Proxy\\SessionHandlerProxy',
  6 => 'Symfony\\Component\\HttpFoundation\\Session\\Session',
  7 => 'Symfony\\Component\\Routing\\Generator\\UrlGenerator',
  8 => 'Symfony\\Component\\Routing\\RequestContext',
  9 => 'Symfony\\Component\\Routing\\Router',
  10 => 'Symfony\\Bundle\\FrameworkBundle\\Routing\\RedirectableUrlMatcher',
  11 => 'Symfony\\Bundle\\FrameworkBundle\\Routing\\Router',
  12 => 'Symfony\\Component\\Config\\FileLocator',
  13 => 'Symfony\\Component\\EventDispatcher\\Event',
  14 => 'Symfony\\Component\\EventDispatcher\\ContainerAwareEventDispatcher',
  15 => 'Symfony\\Component\\HttpKernel\\EventListener\\ResponseListener',
  16 => 'Symfony\\Component\\HttpKernel\\EventListener\\RouterListener',
  17 => 'Symfony\\Component\\HttpKernel\\Controller\\ControllerResolver',
  18 => 'Symfony\\Component\\HttpKernel\\Event\\KernelEvent',
  19 => 'Symfony\\Component\\HttpKernel\\Event\\FilterControllerEvent',
  20 => 'Symfony\\Component\\HttpKernel\\Event\\FilterResponseEvent',
  21 => 'Symfony\\Component\\HttpKernel\\Event\\GetResponseEvent',
  22 => 'Symfony\\Component\\HttpKernel\\Event\\GetResponseForControllerResultEvent',
  23 => 'Symfony\\Component\\HttpKernel\\Event\\GetResponseForExceptionEvent',
  24 => 'Symfony\\Component\\HttpKernel\\KernelEvents',
  25 => 'Symfony\\Component\\HttpKernel\\Config\\FileLocator',
  26 => 'Symfony\\Bundle\\FrameworkBundle\\Controller\\ControllerNameParser',
  27 => 'Symfony\\Bundle\\FrameworkBundle\\Controller\\ControllerResolver',
);